Archive member included to satisfy reference by file (symbol)

c:/program files (x86)/atmel/studio/7.0/toolchain/arm/arm-gnu-toolchain/bin/../lib/gcc/arm-none-eabi/6.3.1/../../../../arm-none-eabi/lib/thumb/v6-m\libc.a(lib_a-exit.o)
                              c:/program files (x86)/atmel/studio/7.0/toolchain/arm/arm-gnu-toolchain/bin/../lib/gcc/arm-none-eabi/6.3.1/../../../../arm-none-eabi/lib/thumb/v6-m/crt0.o (exit)
c:/program files (x86)/atmel/studio/7.0/toolchain/arm/arm-gnu-toolchain/bin/../lib/gcc/arm-none-eabi/6.3.1/../../../../arm-none-eabi/lib/thumb/v6-m\libc.a(lib_a-impure.o)
                              c:/program files (x86)/atmel/studio/7.0/toolchain/arm/arm-gnu-toolchain/bin/../lib/gcc/arm-none-eabi/6.3.1/../../../../arm-none-eabi/lib/thumb/v6-m\libc.a(lib_a-exit.o) (_global_impure_ptr)
c:/program files (x86)/atmel/studio/7.0/toolchain/arm/arm-gnu-toolchain/bin/../lib/gcc/arm-none-eabi/6.3.1/../../../../arm-none-eabi/lib/thumb/v6-m\libc.a(lib_a-init.o)
                              c:/program files (x86)/atmel/studio/7.0/toolchain/arm/arm-gnu-toolchain/bin/../lib/gcc/arm-none-eabi/6.3.1/../../../../arm-none-eabi/lib/thumb/v6-m/crt0.o (__libc_init_array)
c:/program files (x86)/atmel/studio/7.0/toolchain/arm/arm-gnu-toolchain/bin/../lib/gcc/arm-none-eabi/6.3.1/../../../../arm-none-eabi/lib/thumb/v6-m\libc.a(lib_a-memset.o)
                              c:/program files (x86)/atmel/studio/7.0/toolchain/arm/arm-gnu-toolchain/bin/../lib/gcc/arm-none-eabi/6.3.1/../../../../arm-none-eabi/lib/thumb/v6-m/crt0.o (memset)
c:/program files (x86)/atmel/studio/7.0/toolchain/arm/arm-gnu-toolchain/bin/../lib/gcc/arm-none-eabi/6.3.1/../../../../arm-none-eabi/lib/thumb/v6-m\libc.a(lib_a-__call_atexit.o)
                              c:/program files (x86)/atmel/studio/7.0/toolchain/arm/arm-gnu-toolchain/bin/../lib/gcc/arm-none-eabi/6.3.1/../../../../arm-none-eabi/lib/thumb/v6-m\libc.a(lib_a-exit.o) (__call_exitprocs)
c:/program files (x86)/atmel/studio/7.0/toolchain/arm/arm-gnu-toolchain/bin/../lib/gcc/arm-none-eabi/6.3.1/../../../../arm-none-eabi/lib/thumb/v6-m\libc.a(lib_a-atexit.o)
                              c:/program files (x86)/atmel/studio/7.0/toolchain/arm/arm-gnu-toolchain/bin/../lib/gcc/arm-none-eabi/6.3.1/../../../../arm-none-eabi/lib/thumb/v6-m\libc.a(lib_a-__call_atexit.o) (atexit)
c:/program files (x86)/atmel/studio/7.0/toolchain/arm/arm-gnu-toolchain/bin/../lib/gcc/arm-none-eabi/6.3.1/../../../../arm-none-eabi/lib/thumb/v6-m\libc.a(lib_a-fini.o)
                              c:/program files (x86)/atmel/studio/7.0/toolchain/arm/arm-gnu-toolchain/bin/../lib/gcc/arm-none-eabi/6.3.1/../../../../arm-none-eabi/lib/thumb/v6-m\libc.a(lib_a-__call_atexit.o) (__libc_fini_array)
c:/program files (x86)/atmel/studio/7.0/toolchain/arm/arm-gnu-toolchain/bin/../lib/gcc/arm-none-eabi/6.3.1/../../../../arm-none-eabi/lib/thumb/v6-m\libc.a(lib_a-lock.o)
                              c:/program files (x86)/atmel/studio/7.0/toolchain/arm/arm-gnu-toolchain/bin/../lib/gcc/arm-none-eabi/6.3.1/../../../../arm-none-eabi/lib/thumb/v6-m\libc.a(lib_a-__call_atexit.o) (__retarget_lock_acquire_recursive)
c:/program files (x86)/atmel/studio/7.0/toolchain/arm/arm-gnu-toolchain/bin/../lib/gcc/arm-none-eabi/6.3.1/../../../../arm-none-eabi/lib/thumb/v6-m\libc.a(lib_a-__atexit.o)
                              c:/program files (x86)/atmel/studio/7.0/toolchain/arm/arm-gnu-toolchain/bin/../lib/gcc/arm-none-eabi/6.3.1/../../../../arm-none-eabi/lib/thumb/v6-m\libc.a(lib_a-atexit.o) (__register_exitproc)

Allocating common symbols
Common symbol       size              file

__lock___atexit_recursive_mutex
                    0x1               c:/program files (x86)/atmel/studio/7.0/toolchain/arm/arm-gnu-toolchain/bin/../lib/gcc/arm-none-eabi/6.3.1/../../../../arm-none-eabi/lib/thumb/v6-m\libc.a(lib_a-lock.o)
__lock___arc4random_mutex
                    0x1               c:/program files (x86)/atmel/studio/7.0/toolchain/arm/arm-gnu-toolchain/bin/../lib/gcc/arm-none-eabi/6.3.1/../../../../arm-none-eabi/lib/thumb/v6-m\libc.a(lib_a-lock.o)
__lock___env_recursive_mutex
                    0x1               c:/program files (x86)/atmel/studio/7.0/toolchain/arm/arm-gnu-toolchain/bin/../lib/gcc/arm-none-eabi/6.3.1/../../../../arm-none-eabi/lib/thumb/v6-m\libc.a(lib_a-lock.o)
__lock___sinit_recursive_mutex
                    0x1               c:/program files (x86)/atmel/studio/7.0/toolchain/arm/arm-gnu-toolchain/bin/../lib/gcc/arm-none-eabi/6.3.1/../../../../arm-none-eabi/lib/thumb/v6-m\libc.a(lib_a-lock.o)
__lock___malloc_recursive_mutex
                    0x1               c:/program files (x86)/atmel/studio/7.0/toolchain/arm/arm-gnu-toolchain/bin/../lib/gcc/arm-none-eabi/6.3.1/../../../../arm-none-eabi/lib/thumb/v6-m\libc.a(lib_a-lock.o)
__lock___at_quick_exit_mutex
                    0x1               c:/program files (x86)/atmel/studio/7.0/toolchain/arm/arm-gnu-toolchain/bin/../lib/gcc/arm-none-eabi/6.3.1/../../../../arm-none-eabi/lib/thumb/v6-m\libc.a(lib_a-lock.o)
__lock___dd_hash_mutex
                    0x1               c:/program files (x86)/atmel/studio/7.0/toolchain/arm/arm-gnu-toolchain/bin/../lib/gcc/arm-none-eabi/6.3.1/../../../../arm-none-eabi/lib/thumb/v6-m\libc.a(lib_a-lock.o)
__lock___tz_mutex   0x1               c:/program files (x86)/atmel/studio/7.0/toolchain/arm/arm-gnu-toolchain/bin/../lib/gcc/arm-none-eabi/6.3.1/../../../../arm-none-eabi/lib/thumb/v6-m\libc.a(lib_a-lock.o)
__lock___sfp_recursive_mutex
                    0x1               c:/program files (x86)/atmel/studio/7.0/toolchain/arm/arm-gnu-toolchain/bin/../lib/gcc/arm-none-eabi/6.3.1/../../../../arm-none-eabi/lib/thumb/v6-m\libc.a(lib_a-lock.o)

Discarded input sections

 .text          0x00000000        0x0 c:/program files (x86)/atmel/studio/7.0/toolchain/arm/arm-gnu-toolchain/bin/../lib/gcc/arm-none-eabi/6.3.1/thumb/v6-m/crti.o
 .data          0x00000000        0x0 c:/program files (x86)/atmel/studio/7.0/toolchain/arm/arm-gnu-toolchain/bin/../lib/gcc/arm-none-eabi/6.3.1/thumb/v6-m/crti.o
 .bss           0x00000000        0x0 c:/program files (x86)/atmel/studio/7.0/toolchain/arm/arm-gnu-toolchain/bin/../lib/gcc/arm-none-eabi/6.3.1/thumb/v6-m/crti.o
 .data          0x00000000        0x4 c:/program files (x86)/atmel/studio/7.0/toolchain/arm/arm-gnu-toolchain/bin/../lib/gcc/arm-none-eabi/6.3.1/thumb/v6-m/crtbegin.o
 .text          0x00000000       0x78 c:/program files (x86)/atmel/studio/7.0/toolchain/arm/arm-gnu-toolchain/bin/../lib/gcc/arm-none-eabi/6.3.1/../../../../arm-none-eabi/lib/thumb/v6-m/crt0.o
 .data          0x00000000        0x0 c:/program files (x86)/atmel/studio/7.0/toolchain/arm/arm-gnu-toolchain/bin/../lib/gcc/arm-none-eabi/6.3.1/../../../../arm-none-eabi/lib/thumb/v6-m/crt0.o
 .bss           0x00000000        0x0 c:/program files (x86)/atmel/studio/7.0/toolchain/arm/arm-gnu-toolchain/bin/../lib/gcc/arm-none-eabi/6.3.1/../../../../arm-none-eabi/lib/thumb/v6-m/crt0.o
 .ARM.extab     0x00000000        0x0 c:/program files (x86)/atmel/studio/7.0/toolchain/arm/arm-gnu-toolchain/bin/../lib/gcc/arm-none-eabi/6.3.1/../../../../arm-none-eabi/lib/thumb/v6-m/crt0.o
 .ARM.exidx     0x00000000        0x8 c:/program files (x86)/atmel/studio/7.0/toolchain/arm/arm-gnu-toolchain/bin/../lib/gcc/arm-none-eabi/6.3.1/../../../../arm-none-eabi/lib/thumb/v6-m/crt0.o
 .ARM.attributes
                0x00000000       0x1b c:/program files (x86)/atmel/studio/7.0/toolchain/arm/arm-gnu-toolchain/bin/../lib/gcc/arm-none-eabi/6.3.1/../../../../arm-none-eabi/lib/thumb/v6-m/crt0.o
 .group         0x00000000        0x8 dh_adc.o
 .group         0x00000000        0x8 dh_adc.o
 .group         0x00000000        0x8 dh_adc.o
 .group         0x00000000        0x8 dh_adc.o
 .group         0x00000000        0x8 dh_adc.o
 .group         0x00000000        0x8 dh_adc.o
 .group         0x00000000        0x8 dh_adc.o
 .group         0x00000000        0x8 dh_adc.o
 .group         0x00000000        0x8 dh_adc.o
 .group         0x00000000        0x8 dh_adc.o
 .group         0x00000000        0x8 dh_adc.o
 .group         0x00000000        0x8 dh_adc.o
 .group         0x00000000        0x8 dh_adc.o
 .group         0x00000000        0x8 dh_adc.o
 .group         0x00000000        0x8 dh_adc.o
 .group         0x00000000        0x8 dh_adc.o
 .group         0x00000000        0x8 dh_adc.o
 .group         0x00000000        0x8 dh_adc.o
 .group         0x00000000        0x8 dh_adc.o
 .group         0x00000000        0x8 dh_adc.o
 .group         0x00000000        0x8 dh_adc.o
 .group         0x00000000        0x8 dh_adc.o
 .group         0x00000000        0x8 dh_adc.o
 .group         0x00000000        0x8 dh_adc.o
 .group         0x00000000        0x8 dh_adc.o
 .group         0x00000000        0x8 dh_adc.o
 .group         0x00000000        0x8 dh_adc.o
 .group         0x00000000        0x8 dh_adc.o
 .group         0x00000000        0x8 dh_adc.o
 .group         0x00000000        0x8 dh_adc.o
 .group         0x00000000        0x8 dh_adc.o
 .group         0x00000000        0x8 dh_adc.o
 .group         0x00000000        0x8 dh_adc.o
 .group         0x00000000        0x8 dh_adc.o
 .group         0x00000000        0x8 dh_adc.o
 .group         0x00000000        0x8 dh_adc.o
 .group         0x00000000        0x8 dh_adc.o
 .group         0x00000000        0x8 dh_adc.o
 .group         0x00000000        0x8 dh_adc.o
 .group         0x00000000        0x8 dh_adc.o
 .group         0x00000000        0x8 dh_adc.o
 .group         0x00000000        0x8 dh_adc.o
 .group         0x00000000        0x8 dh_adc.o
 .group         0x00000000        0x8 dh_adc.o
 .group         0x00000000        0x8 dh_adc.o
 .group         0x00000000        0x8 dh_adc.o
 .group         0x00000000        0x8 dh_adc.o
 .group         0x00000000        0x8 dh_adc.o
 .group         0x00000000        0x8 dh_adc.o
 .group         0x00000000        0x8 dh_adc.o
 .group         0x00000000        0x8 dh_adc.o
 .group         0x00000000        0x8 dh_adc.o
 .group         0x00000000        0x8 dh_adc.o
 .group         0x00000000        0x8 dh_adc.o
 .group         0x00000000        0x8 dh_adc.o
 .group         0x00000000        0x8 dh_adc.o
 .group         0x00000000        0x8 dh_adc.o
 .group         0x00000000        0x8 dh_adc.o
 .group         0x00000000        0x8 dh_adc.o
 .group         0x00000000        0x8 dh_adc.o
 .group         0x00000000        0x8 dh_adc.o
 .group         0x00000000        0x8 dh_adc.o
 .group         0x00000000        0x8 dh_adc.o
 .group         0x00000000        0x8 dh_adc.o
 .text          0x00000000        0x0 dh_adc.o
 .data          0x00000000        0x0 dh_adc.o
 .bss           0x00000000        0x0 dh_adc.o
 .group         0x00000000        0x8 dh_dac.o
 .group         0x00000000        0x8 dh_dac.o
 .group         0x00000000        0x8 dh_dac.o
 .group         0x00000000        0x8 dh_dac.o
 .group         0x00000000        0x8 dh_dac.o
 .group         0x00000000        0x8 dh_dac.o
 .group         0x00000000        0x8 dh_dac.o
 .group         0x00000000        0x8 dh_dac.o
 .group         0x00000000        0x8 dh_dac.o
 .group         0x00000000        0x8 dh_dac.o
 .group         0x00000000        0x8 dh_dac.o
 .group         0x00000000        0x8 dh_dac.o
 .group         0x00000000        0x8 dh_dac.o
 .group         0x00000000        0x8 dh_dac.o
 .group         0x00000000        0x8 dh_dac.o
 .group         0x00000000        0x8 dh_dac.o
 .group         0x00000000        0x8 dh_dac.o
 .group         0x00000000        0x8 dh_dac.o
 .group         0x00000000        0x8 dh_dac.o
 .group         0x00000000        0x8 dh_dac.o
 .group         0x00000000        0x8 dh_dac.o
 .group         0x00000000        0x8 dh_dac.o
 .group         0x00000000        0x8 dh_dac.o
 .group         0x00000000        0x8 dh_dac.o
 .group         0x00000000        0x8 dh_dac.o
 .group         0x00000000        0x8 dh_dac.o
 .group         0x00000000        0x8 dh_dac.o
 .group         0x00000000        0x8 dh_dac.o
 .group         0x00000000        0x8 dh_dac.o
 .group         0x00000000        0x8 dh_dac.o
 .group         0x00000000        0x8 dh_dac.o
 .group         0x00000000        0x8 dh_dac.o
 .group         0x00000000        0x8 dh_dac.o
 .group         0x00000000        0x8 dh_dac.o
 .group         0x00000000        0x8 dh_dac.o
 .group         0x00000000        0x8 dh_dac.o
 .group         0x00000000        0x8 dh_dac.o
 .group         0x00000000        0x8 dh_dac.o
 .group         0x00000000        0x8 dh_dac.o
 .group         0x00000000        0x8 dh_dac.o
 .group         0x00000000        0x8 dh_dac.o
 .group         0x00000000        0x8 dh_dac.o
 .group         0x00000000        0x8 dh_dac.o
 .group         0x00000000        0x8 dh_dac.o
 .group         0x00000000        0x8 dh_dac.o
 .group         0x00000000        0x8 dh_dac.o
 .group         0x00000000        0x8 dh_dac.o
 .group         0x00000000        0x8 dh_dac.o
 .group         0x00000000        0x8 dh_dac.o
 .group         0x00000000        0x8 dh_dac.o
 .group         0x00000000        0x8 dh_dac.o
 .group         0x00000000        0x8 dh_dac.o
 .group         0x00000000        0x8 dh_dac.o
 .group         0x00000000        0x8 dh_dac.o
 .group         0x00000000        0x8 dh_dac.o
 .group         0x00000000        0x8 dh_dac.o
 .group         0x00000000        0x8 dh_dac.o
 .group         0x00000000        0x8 dh_dac.o
 .group         0x00000000        0x8 dh_dac.o
 .group         0x00000000        0x8 dh_dac.o
 .group         0x00000000        0x8 dh_dac.o
 .group         0x00000000        0x8 dh_dac.o
 .group         0x00000000        0x8 dh_dac.o
 .text          0x00000000        0x0 dh_dac.o
 .data          0x00000000        0x0 dh_dac.o
 .bss           0x00000000        0x0 dh_dac.o
 .text.setupDAC
                0x00000000        0x2 dh_dac.o
 .debug_info    0x00000000       0xb7 dh_dac.o
 .debug_abbrev  0x00000000       0x67 dh_dac.o
 .debug_aranges
                0x00000000       0x20 dh_dac.o
 .debug_ranges  0x00000000       0x10 dh_dac.o
 .debug_macro   0x00000000      0x2b0 dh_dac.o
 .debug_macro   0x00000000      0x89e dh_dac.o
 .debug_macro   0x00000000       0x22 dh_dac.o
 .debug_macro   0x00000000       0x87 dh_dac.o
 .debug_macro   0x00000000       0x51 dh_dac.o
 .debug_macro   0x00000000       0xef dh_dac.o
 .debug_macro   0x00000000       0x6a dh_dac.o
 .debug_macro   0x00000000      0x1df dh_dac.o
 .debug_macro   0x00000000       0x39 dh_dac.o
 .debug_macro   0x00000000       0x1c dh_dac.o
 .debug_macro   0x00000000       0x22 dh_dac.o
 .debug_macro   0x00000000       0xb5 dh_dac.o
 .debug_macro   0x00000000      0x3ad dh_dac.o
 .debug_macro   0x00000000      0x67e dh_dac.o
 .debug_macro   0x00000000      0x8b1 dh_dac.o
 .debug_macro   0x00000000      0x22e dh_dac.o
 .debug_macro   0x00000000      0xc0c dh_dac.o
 .debug_macro   0x00000000      0x5e7 dh_dac.o
 .debug_macro   0x00000000      0x7c6 dh_dac.o
 .debug_macro   0x00000000      0x4e3 dh_dac.o
 .debug_macro   0x00000000      0x37f dh_dac.o
 .debug_macro   0x00000000      0x189 dh_dac.o
 .debug_macro   0x00000000      0x21c dh_dac.o
 .debug_macro   0x00000000      0x735 dh_dac.o
 .debug_macro   0x00000000       0x5e dh_dac.o
 .debug_macro   0x00000000      0x624 dh_dac.o
 .debug_macro   0x00000000      0x3ac dh_dac.o
 .debug_macro   0x00000000      0xc76 dh_dac.o
 .debug_macro   0x00000000     0x1092 dh_dac.o
 .debug_macro   0x00000000      0xc19 dh_dac.o
 .debug_macro   0x00000000      0x6ba dh_dac.o
 .debug_macro   0x00000000     0x1b83 dh_dac.o
 .debug_macro   0x00000000      0xb7c dh_dac.o
 .debug_macro   0x00000000      0x340 dh_dac.o
 .debug_macro   0x00000000       0x7c dh_dac.o
 .debug_macro   0x00000000       0xa0 dh_dac.o
 .debug_macro   0x00000000       0x4c dh_dac.o
 .debug_macro   0x00000000       0xca dh_dac.o
 .debug_macro   0x00000000       0xb8 dh_dac.o
 .debug_macro   0x00000000       0x58 dh_dac.o
 .debug_macro   0x00000000      0x201 dh_dac.o
 .debug_macro   0x00000000       0x82 dh_dac.o
 .debug_macro   0x00000000      0x189 dh_dac.o
 .debug_macro   0x00000000       0xa0 dh_dac.o
 .debug_macro   0x00000000       0xac dh_dac.o
 .debug_macro   0x00000000       0x1c dh_dac.o
 .debug_macro   0x00000000       0x1c dh_dac.o
 .debug_macro   0x00000000       0x1c dh_dac.o
 .debug_macro   0x00000000       0x82 dh_dac.o
 .debug_macro   0x00000000      0x112 dh_dac.o
 .debug_macro   0x00000000       0x10 dh_dac.o
 .debug_macro   0x00000000       0xdc dh_dac.o
 .debug_macro   0x00000000      0x124 dh_dac.o
 .debug_macro   0x00000000      0x124 dh_dac.o
 .debug_macro   0x00000000      0x124 dh_dac.o
 .debug_macro   0x00000000      0x124 dh_dac.o
 .debug_macro   0x00000000       0xe2 dh_dac.o
 .debug_macro   0x00000000       0xe2 dh_dac.o
 .debug_macro   0x00000000      0x12a dh_dac.o
 .debug_macro   0x00000000      0x1fa dh_dac.o
 .debug_macro   0x00000000       0x40 dh_dac.o
 .debug_macro   0x00000000      0x306 dh_dac.o
 .debug_macro   0x00000000      0xff9 dh_dac.o
 .debug_macro   0x00000000       0x5f dh_dac.o
 .debug_line    0x00000000      0x64b dh_dac.o
 .debug_str     0x00000000    0x5bc2a dh_dac.o
 .comment       0x00000000       0x5a dh_dac.o
 .debug_frame   0x00000000       0x20 dh_dac.o
 .ARM.attributes
                0x00000000       0x32 dh_dac.o
 .group         0x00000000        0x8 dh_i2c.o
 .group         0x00000000        0x8 dh_i2c.o
 .group         0x00000000        0x8 dh_i2c.o
 .group         0x00000000        0x8 dh_i2c.o
 .group         0x00000000        0x8 dh_i2c.o
 .group         0x00000000        0x8 dh_i2c.o
 .group         0x00000000        0x8 dh_i2c.o
 .group         0x00000000        0x8 dh_i2c.o
 .group         0x00000000        0x8 dh_i2c.o
 .group         0x00000000        0x8 dh_i2c.o
 .group         0x00000000        0x8 dh_i2c.o
 .group         0x00000000        0x8 dh_i2c.o
 .group         0x00000000        0x8 dh_i2c.o
 .group         0x00000000        0x8 dh_i2c.o
 .group         0x00000000        0x8 dh_i2c.o
 .group         0x00000000        0x8 dh_i2c.o
 .group         0x00000000        0x8 dh_i2c.o
 .group         0x00000000        0x8 dh_i2c.o
 .group         0x00000000        0x8 dh_i2c.o
 .group         0x00000000        0x8 dh_i2c.o
 .group         0x00000000        0x8 dh_i2c.o
 .group         0x00000000        0x8 dh_i2c.o
 .group         0x00000000        0x8 dh_i2c.o
 .group         0x00000000        0x8 dh_i2c.o
 .group         0x00000000        0x8 dh_i2c.o
 .group         0x00000000        0x8 dh_i2c.o
 .group         0x00000000        0x8 dh_i2c.o
 .group         0x00000000        0x8 dh_i2c.o
 .group         0x00000000        0x8 dh_i2c.o
 .group         0x00000000        0x8 dh_i2c.o
 .group         0x00000000        0x8 dh_i2c.o
 .group         0x00000000        0x8 dh_i2c.o
 .group         0x00000000        0x8 dh_i2c.o
 .group         0x00000000        0x8 dh_i2c.o
 .group         0x00000000        0x8 dh_i2c.o
 .group         0x00000000        0x8 dh_i2c.o
 .group         0x00000000        0x8 dh_i2c.o
 .group         0x00000000        0x8 dh_i2c.o
 .group         0x00000000        0x8 dh_i2c.o
 .group         0x00000000        0x8 dh_i2c.o
 .group         0x00000000        0x8 dh_i2c.o
 .group         0x00000000        0x8 dh_i2c.o
 .group         0x00000000        0x8 dh_i2c.o
 .group         0x00000000        0x8 dh_i2c.o
 .group         0x00000000        0x8 dh_i2c.o
 .group         0x00000000        0x8 dh_i2c.o
 .group         0x00000000        0x8 dh_i2c.o
 .group         0x00000000        0x8 dh_i2c.o
 .group         0x00000000        0x8 dh_i2c.o
 .group         0x00000000        0x8 dh_i2c.o
 .group         0x00000000        0x8 dh_i2c.o
 .group         0x00000000        0x8 dh_i2c.o
 .group         0x00000000        0x8 dh_i2c.o
 .group         0x00000000        0x8 dh_i2c.o
 .group         0x00000000        0x8 dh_i2c.o
 .group         0x00000000        0x8 dh_i2c.o
 .group         0x00000000        0x8 dh_i2c.o
 .group         0x00000000        0x8 dh_i2c.o
 .group         0x00000000        0x8 dh_i2c.o
 .group         0x00000000        0x8 dh_i2c.o
 .group         0x00000000        0x8 dh_i2c.o
 .group         0x00000000        0x8 dh_i2c.o
 .group         0x00000000        0x8 dh_i2c.o
 .group         0x00000000        0x8 dh_i2c.o
 .group         0x00000000        0x8 dh_i2c.o
 .group         0x00000000        0x8 dh_i2c.o
 .text          0x00000000        0x0 dh_i2c.o
 .data          0x00000000        0x0 dh_i2c.o
 .bss           0x00000000        0x0 dh_i2c.o
 .text.setupI2C
                0x00000000       0xe0 dh_i2c.o
 .text.DH_i2c_write
                0x00000000       0x98 dh_i2c.o
 .debug_info    0x00000000     0x3025 dh_i2c.o
 .debug_abbrev  0x00000000      0x206 dh_i2c.o
 .debug_loc     0x00000000      0x144 dh_i2c.o
 .debug_aranges
                0x00000000       0x28 dh_i2c.o
 .debug_ranges  0x00000000       0x38 dh_i2c.o
 .debug_macro   0x00000000      0x2c7 dh_i2c.o
 .debug_macro   0x00000000      0x89e dh_i2c.o
 .debug_macro   0x00000000       0x22 dh_i2c.o
 .debug_macro   0x00000000       0x87 dh_i2c.o
 .debug_macro   0x00000000       0x51 dh_i2c.o
 .debug_macro   0x00000000       0xef dh_i2c.o
 .debug_macro   0x00000000       0x6a dh_i2c.o
 .debug_macro   0x00000000      0x1df dh_i2c.o
 .debug_macro   0x00000000       0x39 dh_i2c.o
 .debug_macro   0x00000000       0x1c dh_i2c.o
 .debug_macro   0x00000000       0x22 dh_i2c.o
 .debug_macro   0x00000000       0xb5 dh_i2c.o
 .debug_macro   0x00000000      0x3ad dh_i2c.o
 .debug_macro   0x00000000      0x67e dh_i2c.o
 .debug_macro   0x00000000      0x8b1 dh_i2c.o
 .debug_macro   0x00000000      0x22e dh_i2c.o
 .debug_macro   0x00000000      0xc0c dh_i2c.o
 .debug_macro   0x00000000      0x5e7 dh_i2c.o
 .debug_macro   0x00000000      0x7c6 dh_i2c.o
 .debug_macro   0x00000000      0x4e3 dh_i2c.o
 .debug_macro   0x00000000      0x37f dh_i2c.o
 .debug_macro   0x00000000      0x189 dh_i2c.o
 .debug_macro   0x00000000      0x21c dh_i2c.o
 .debug_macro   0x00000000      0x735 dh_i2c.o
 .debug_macro   0x00000000       0x5e dh_i2c.o
 .debug_macro   0x00000000      0x624 dh_i2c.o
 .debug_macro   0x00000000      0x3ac dh_i2c.o
 .debug_macro   0x00000000      0xc76 dh_i2c.o
 .debug_macro   0x00000000     0x1092 dh_i2c.o
 .debug_macro   0x00000000      0xc19 dh_i2c.o
 .debug_macro   0x00000000      0x6ba dh_i2c.o
 .debug_macro   0x00000000     0x1b83 dh_i2c.o
 .debug_macro   0x00000000      0xb7c dh_i2c.o
 .debug_macro   0x00000000      0x340 dh_i2c.o
 .debug_macro   0x00000000       0x7c dh_i2c.o
 .debug_macro   0x00000000       0xa0 dh_i2c.o
 .debug_macro   0x00000000       0x4c dh_i2c.o
 .debug_macro   0x00000000       0xca dh_i2c.o
 .debug_macro   0x00000000       0xb8 dh_i2c.o
 .debug_macro   0x00000000       0x58 dh_i2c.o
 .debug_macro   0x00000000      0x201 dh_i2c.o
 .debug_macro   0x00000000       0x82 dh_i2c.o
 .debug_macro   0x00000000      0x189 dh_i2c.o
 .debug_macro   0x00000000       0xa0 dh_i2c.o
 .debug_macro   0x00000000       0xac dh_i2c.o
 .debug_macro   0x00000000       0x1c dh_i2c.o
 .debug_macro   0x00000000       0x1c dh_i2c.o
 .debug_macro   0x00000000       0x1c dh_i2c.o
 .debug_macro   0x00000000       0x82 dh_i2c.o
 .debug_macro   0x00000000      0x112 dh_i2c.o
 .debug_macro   0x00000000       0x10 dh_i2c.o
 .debug_macro   0x00000000       0xdc dh_i2c.o
 .debug_macro   0x00000000      0x124 dh_i2c.o
 .debug_macro   0x00000000      0x124 dh_i2c.o
 .debug_macro   0x00000000      0x124 dh_i2c.o
 .debug_macro   0x00000000      0x124 dh_i2c.o
 .debug_macro   0x00000000       0xe2 dh_i2c.o
 .debug_macro   0x00000000       0xe2 dh_i2c.o
 .debug_macro   0x00000000      0x12a dh_i2c.o
 .debug_macro   0x00000000      0x1fa dh_i2c.o
 .debug_macro   0x00000000       0x40 dh_i2c.o
 .debug_macro   0x00000000      0x306 dh_i2c.o
 .debug_macro   0x00000000      0xff9 dh_i2c.o
 .debug_macro   0x00000000       0x5f dh_i2c.o
 .debug_macro   0x00000000       0x22 dh_i2c.o
 .debug_macro   0x00000000      0x16d dh_i2c.o
 .debug_macro   0x00000000       0x46 dh_i2c.o
 .debug_line    0x00000000      0x6f2 dh_i2c.o
 .debug_str     0x00000000    0x5cc4e dh_i2c.o
 .comment       0x00000000       0x5a dh_i2c.o
 .debug_frame   0x00000000       0x3c dh_i2c.o
 .ARM.attributes
                0x00000000       0x32 dh_i2c.o
 .group         0x00000000        0x8 Device_Startup/startup_samd11.o
 .group         0x00000000        0x8 Device_Startup/startup_samd11.o
 .group         0x00000000        0x8 Device_Startup/startup_samd11.o
 .group         0x00000000        0x8 Device_Startup/startup_samd11.o
 .group         0x00000000        0x8 Device_Startup/startup_samd11.o
 .group         0x00000000        0x8 Device_Startup/startup_samd11.o
 .group         0x00000000        0x8 Device_Startup/startup_samd11.o
 .group         0x00000000        0x8 Device_Startup/startup_samd11.o
 .group         0x00000000        0x8 Device_Startup/startup_samd11.o
 .group         0x00000000        0x8 Device_Startup/startup_samd11.o
 .group         0x00000000        0x8 Device_Startup/startup_samd11.o
 .group         0x00000000        0x8 Device_Startup/startup_samd11.o
 .group         0x00000000        0x8 Device_Startup/startup_samd11.o
 .group         0x00000000        0x8 Device_Startup/startup_samd11.o
 .group         0x00000000        0x8 Device_Startup/startup_samd11.o
 .group         0x00000000        0x8 Device_Startup/startup_samd11.o
 .group         0x00000000        0x8 Device_Startup/startup_samd11.o
 .group         0x00000000        0x8 Device_Startup/startup_samd11.o
 .group         0x00000000        0x8 Device_Startup/startup_samd11.o
 .group         0x00000000        0x8 Device_Startup/startup_samd11.o
 .group         0x00000000        0x8 Device_Startup/startup_samd11.o
 .group         0x00000000        0x8 Device_Startup/startup_samd11.o
 .group         0x00000000        0x8 Device_Startup/startup_samd11.o
 .group         0x00000000        0x8 Device_Startup/startup_samd11.o
 .group         0x00000000        0x8 Device_Startup/startup_samd11.o
 .group         0x00000000        0x8 Device_Startup/startup_samd11.o
 .group         0x00000000        0x8 Device_Startup/startup_samd11.o
 .group         0x00000000        0x8 Device_Startup/startup_samd11.o
 .group         0x00000000        0x8 Device_Startup/startup_samd11.o
 .group         0x00000000        0x8 Device_Startup/startup_samd11.o
 .group         0x00000000        0x8 Device_Startup/startup_samd11.o
 .group         0x00000000        0x8 Device_Startup/startup_samd11.o
 .group         0x00000000        0x8 Device_Startup/startup_samd11.o
 .group         0x00000000        0x8 Device_Startup/startup_samd11.o
 .group         0x00000000        0x8 Device_Startup/startup_samd11.o
 .group         0x00000000        0x8 Device_Startup/startup_samd11.o
 .group         0x00000000        0x8 Device_Startup/startup_samd11.o
 .group         0x00000000        0x8 Device_Startup/startup_samd11.o
 .group         0x00000000        0x8 Device_Startup/startup_samd11.o
 .group         0x00000000        0x8 Device_Startup/startup_samd11.o
 .group         0x00000000        0x8 Device_Startup/startup_samd11.o
 .group         0x00000000        0x8 Device_Startup/startup_samd11.o
 .group         0x00000000        0x8 Device_Startup/startup_samd11.o
 .group         0x00000000        0x8 Device_Startup/startup_samd11.o
 .group         0x00000000        0x8 Device_Startup/startup_samd11.o
 .group         0x00000000        0x8 Device_Startup/startup_samd11.o
 .group         0x00000000        0x8 Device_Startup/startup_samd11.o
 .group         0x00000000        0x8 Device_Startup/startup_samd11.o
 .group         0x00000000        0x8 Device_Startup/startup_samd11.o
 .group         0x00000000        0x8 Device_Startup/startup_samd11.o
 .group         0x00000000        0x8 Device_Startup/startup_samd11.o
 .group         0x00000000        0x8 Device_Startup/startup_samd11.o
 .group         0x00000000        0x8 Device_Startup/startup_samd11.o
 .group         0x00000000        0x8 Device_Startup/startup_samd11.o
 .group         0x00000000        0x8 Device_Startup/startup_samd11.o
 .group         0x00000000        0x8 Device_Startup/startup_samd11.o
 .group         0x00000000        0x8 Device_Startup/startup_samd11.o
 .group         0x00000000        0x8 Device_Startup/startup_samd11.o
 .group         0x00000000        0x8 Device_Startup/startup_samd11.o
 .group         0x00000000        0x8 Device_Startup/startup_samd11.o
 .group         0x00000000        0x8 Device_Startup/startup_samd11.o
 .group         0x00000000        0x8 Device_Startup/startup_samd11.o
 .group         0x00000000        0x8 Device_Startup/startup_samd11.o
 .text          0x00000000        0x0 Device_Startup/startup_samd11.o
 .data          0x00000000        0x0 Device_Startup/startup_samd11.o
 .bss           0x00000000        0x0 Device_Startup/startup_samd11.o
 .debug_macro   0x00000000      0x89e Device_Startup/startup_samd11.o
 .debug_macro   0x00000000       0x22 Device_Startup/startup_samd11.o
 .debug_macro   0x00000000       0x87 Device_Startup/startup_samd11.o
 .debug_macro   0x00000000       0x51 Device_Startup/startup_samd11.o
 .debug_macro   0x00000000       0xef Device_Startup/startup_samd11.o
 .debug_macro   0x00000000       0x6a Device_Startup/startup_samd11.o
 .debug_macro   0x00000000      0x1df Device_Startup/startup_samd11.o
 .debug_macro   0x00000000       0x39 Device_Startup/startup_samd11.o
 .debug_macro   0x00000000       0x1c Device_Startup/startup_samd11.o
 .debug_macro   0x00000000       0x22 Device_Startup/startup_samd11.o
 .debug_macro   0x00000000       0xb5 Device_Startup/startup_samd11.o
 .debug_macro   0x00000000      0x3ad Device_Startup/startup_samd11.o
 .debug_macro   0x00000000      0x67e Device_Startup/startup_samd11.o
 .debug_macro   0x00000000      0x8b1 Device_Startup/startup_samd11.o
 .debug_macro   0x00000000      0x22e Device_Startup/startup_samd11.o
 .debug_macro   0x00000000      0xc0c Device_Startup/startup_samd11.o
 .debug_macro   0x00000000      0x5e7 Device_Startup/startup_samd11.o
 .debug_macro   0x00000000      0x7c6 Device_Startup/startup_samd11.o
 .debug_macro   0x00000000      0x4e3 Device_Startup/startup_samd11.o
 .debug_macro   0x00000000      0x37f Device_Startup/startup_samd11.o
 .debug_macro   0x00000000      0x189 Device_Startup/startup_samd11.o
 .debug_macro   0x00000000      0x21c Device_Startup/startup_samd11.o
 .debug_macro   0x00000000      0x735 Device_Startup/startup_samd11.o
 .debug_macro   0x00000000       0x5e Device_Startup/startup_samd11.o
 .debug_macro   0x00000000      0x624 Device_Startup/startup_samd11.o
 .debug_macro   0x00000000      0x3ac Device_Startup/startup_samd11.o
 .debug_macro   0x00000000      0xc76 Device_Startup/startup_samd11.o
 .debug_macro   0x00000000     0x1092 Device_Startup/startup_samd11.o
 .debug_macro   0x00000000      0xc19 Device_Startup/startup_samd11.o
 .debug_macro   0x00000000      0x6ba Device_Startup/startup_samd11.o
 .debug_macro   0x00000000     0x1b83 Device_Startup/startup_samd11.o
 .debug_macro   0x00000000      0xb7c Device_Startup/startup_samd11.o
 .debug_macro   0x00000000      0x340 Device_Startup/startup_samd11.o
 .debug_macro   0x00000000       0x7c Device_Startup/startup_samd11.o
 .debug_macro   0x00000000       0xa0 Device_Startup/startup_samd11.o
 .debug_macro   0x00000000       0x4c Device_Startup/startup_samd11.o
 .debug_macro   0x00000000       0xca Device_Startup/startup_samd11.o
 .debug_macro   0x00000000       0xb8 Device_Startup/startup_samd11.o
 .debug_macro   0x00000000       0x58 Device_Startup/startup_samd11.o
 .debug_macro   0x00000000      0x201 Device_Startup/startup_samd11.o
 .debug_macro   0x00000000       0x82 Device_Startup/startup_samd11.o
 .debug_macro   0x00000000      0x189 Device_Startup/startup_samd11.o
 .debug_macro   0x00000000       0xa0 Device_Startup/startup_samd11.o
 .debug_macro   0x00000000       0xac Device_Startup/startup_samd11.o
 .debug_macro   0x00000000       0x1c Device_Startup/startup_samd11.o
 .debug_macro   0x00000000       0x1c Device_Startup/startup_samd11.o
 .debug_macro   0x00000000       0x1c Device_Startup/startup_samd11.o
 .debug_macro   0x00000000       0x82 Device_Startup/startup_samd11.o
 .debug_macro   0x00000000      0x112 Device_Startup/startup_samd11.o
 .debug_macro   0x00000000       0x10 Device_Startup/startup_samd11.o
 .debug_macro   0x00000000       0xdc Device_Startup/startup_samd11.o
 .debug_macro   0x00000000      0x124 Device_Startup/startup_samd11.o
 .debug_macro   0x00000000      0x124 Device_Startup/startup_samd11.o
 .debug_macro   0x00000000      0x124 Device_Startup/startup_samd11.o
 .debug_macro   0x00000000      0x124 Device_Startup/startup_samd11.o
 .debug_macro   0x00000000       0xe2 Device_Startup/startup_samd11.o
 .debug_macro   0x00000000       0xe2 Device_Startup/startup_samd11.o
 .debug_macro   0x00000000      0x12a Device_Startup/startup_samd11.o
 .debug_macro   0x00000000      0x1fa Device_Startup/startup_samd11.o
 .debug_macro   0x00000000       0x40 Device_Startup/startup_samd11.o
 .debug_macro   0x00000000      0x306 Device_Startup/startup_samd11.o
 .debug_macro   0x00000000      0xff9 Device_Startup/startup_samd11.o
 .debug_macro   0x00000000       0x5f Device_Startup/startup_samd11.o
 .group         0x00000000        0x8 Device_Startup/system_samd11.o
 .group         0x00000000        0x8 Device_Startup/system_samd11.o
 .group         0x00000000        0x8 Device_Startup/system_samd11.o
 .group         0x00000000        0x8 Device_Startup/system_samd11.o
 .group         0x00000000        0x8 Device_Startup/system_samd11.o
 .group         0x00000000        0x8 Device_Startup/system_samd11.o
 .group         0x00000000        0x8 Device_Startup/system_samd11.o
 .group         0x00000000        0x8 Device_Startup/system_samd11.o
 .group         0x00000000        0x8 Device_Startup/system_samd11.o
 .group         0x00000000        0x8 Device_Startup/system_samd11.o
 .group         0x00000000        0x8 Device_Startup/system_samd11.o
 .group         0x00000000        0x8 Device_Startup/system_samd11.o
 .group         0x00000000        0x8 Device_Startup/system_samd11.o
 .group         0x00000000        0x8 Device_Startup/system_samd11.o
 .group         0x00000000        0x8 Device_Startup/system_samd11.o
 .group         0x00000000        0x8 Device_Startup/system_samd11.o
 .group         0x00000000        0x8 Device_Startup/system_samd11.o
 .group         0x00000000        0x8 Device_Startup/system_samd11.o
 .group         0x00000000        0x8 Device_Startup/system_samd11.o
 .group         0x00000000        0x8 Device_Startup/system_samd11.o
 .group         0x00000000        0x8 Device_Startup/system_samd11.o
 .group         0x00000000        0x8 Device_Startup/system_samd11.o
 .group         0x00000000        0x8 Device_Startup/system_samd11.o
 .group         0x00000000        0x8 Device_Startup/system_samd11.o
 .group         0x00000000        0x8 Device_Startup/system_samd11.o
 .group         0x00000000        0x8 Device_Startup/system_samd11.o
 .group         0x00000000        0x8 Device_Startup/system_samd11.o
 .group         0x00000000        0x8 Device_Startup/system_samd11.o
 .group         0x00000000        0x8 Device_Startup/system_samd11.o
 .group         0x00000000        0x8 Device_Startup/system_samd11.o
 .group         0x00000000        0x8 Device_Startup/system_samd11.o
 .group         0x00000000        0x8 Device_Startup/system_samd11.o
 .group         0x00000000        0x8 Device_Startup/system_samd11.o
 .group         0x00000000        0x8 Device_Startup/system_samd11.o
 .group         0x00000000        0x8 Device_Startup/system_samd11.o
 .group         0x00000000        0x8 Device_Startup/system_samd11.o
 .group         0x00000000        0x8 Device_Startup/system_samd11.o
 .group         0x00000000        0x8 Device_Startup/system_samd11.o
 .group         0x00000000        0x8 Device_Startup/system_samd11.o
 .group         0x00000000        0x8 Device_Startup/system_samd11.o
 .group         0x00000000        0x8 Device_Startup/system_samd11.o
 .group         0x00000000        0x8 Device_Startup/system_samd11.o
 .group         0x00000000        0x8 Device_Startup/system_samd11.o
 .group         0x00000000        0x8 Device_Startup/system_samd11.o
 .group         0x00000000        0x8 Device_Startup/system_samd11.o
 .group         0x00000000        0x8 Device_Startup/system_samd11.o
 .group         0x00000000        0x8 Device_Startup/system_samd11.o
 .group         0x00000000        0x8 Device_Startup/system_samd11.o
 .group         0x00000000        0x8 Device_Startup/system_samd11.o
 .group         0x00000000        0x8 Device_Startup/system_samd11.o
 .group         0x00000000        0x8 Device_Startup/system_samd11.o
 .group         0x00000000        0x8 Device_Startup/system_samd11.o
 .group         0x00000000        0x8 Device_Startup/system_samd11.o
 .group         0x00000000        0x8 Device_Startup/system_samd11.o
 .group         0x00000000        0x8 Device_Startup/system_samd11.o
 .group         0x00000000        0x8 Device_Startup/system_samd11.o
 .group         0x00000000        0x8 Device_Startup/system_samd11.o
 .group         0x00000000        0x8 Device_Startup/system_samd11.o
 .group         0x00000000        0x8 Device_Startup/system_samd11.o
 .group         0x00000000        0x8 Device_Startup/system_samd11.o
 .group         0x00000000        0x8 Device_Startup/system_samd11.o
 .group         0x00000000        0x8 Device_Startup/system_samd11.o
 .group         0x00000000        0x8 Device_Startup/system_samd11.o
 .text          0x00000000        0x0 Device_Startup/system_samd11.o
 .bss           0x00000000        0x0 Device_Startup/system_samd11.o
 .text.SystemCoreClockUpdate
                0x00000000       0x10 Device_Startup/system_samd11.o
 .debug_macro   0x00000000      0x89e Device_Startup/system_samd11.o
 .debug_macro   0x00000000       0x22 Device_Startup/system_samd11.o
 .debug_macro   0x00000000       0x87 Device_Startup/system_samd11.o
 .debug_macro   0x00000000       0x51 Device_Startup/system_samd11.o
 .debug_macro   0x00000000       0xef Device_Startup/system_samd11.o
 .debug_macro   0x00000000       0x6a Device_Startup/system_samd11.o
 .debug_macro   0x00000000      0x1df Device_Startup/system_samd11.o
 .debug_macro   0x00000000       0x39 Device_Startup/system_samd11.o
 .debug_macro   0x00000000       0x1c Device_Startup/system_samd11.o
 .debug_macro   0x00000000       0x22 Device_Startup/system_samd11.o
 .debug_macro   0x00000000       0xb5 Device_Startup/system_samd11.o
 .debug_macro   0x00000000      0x3ad Device_Startup/system_samd11.o
 .debug_macro   0x00000000      0x67e Device_Startup/system_samd11.o
 .debug_macro   0x00000000      0x8b1 Device_Startup/system_samd11.o
 .debug_macro   0x00000000      0x22e Device_Startup/system_samd11.o
 .debug_macro   0x00000000      0xc0c Device_Startup/system_samd11.o
 .debug_macro   0x00000000      0x5e7 Device_Startup/system_samd11.o
 .debug_macro   0x00000000      0x7c6 Device_Startup/system_samd11.o
 .debug_macro   0x00000000      0x4e3 Device_Startup/system_samd11.o
 .debug_macro   0x00000000      0x37f Device_Startup/system_samd11.o
 .debug_macro   0x00000000      0x189 Device_Startup/system_samd11.o
 .debug_macro   0x00000000      0x21c Device_Startup/system_samd11.o
 .debug_macro   0x00000000      0x735 Device_Startup/system_samd11.o
 .debug_macro   0x00000000       0x5e Device_Startup/system_samd11.o
 .debug_macro   0x00000000      0x624 Device_Startup/system_samd11.o
 .debug_macro   0x00000000      0x3ac Device_Startup/system_samd11.o
 .debug_macro   0x00000000      0xc76 Device_Startup/system_samd11.o
 .debug_macro   0x00000000     0x1092 Device_Startup/system_samd11.o
 .debug_macro   0x00000000      0xc19 Device_Startup/system_samd11.o
 .debug_macro   0x00000000      0x6ba Device_Startup/system_samd11.o
 .debug_macro   0x00000000     0x1b83 Device_Startup/system_samd11.o
 .debug_macro   0x00000000      0xb7c Device_Startup/system_samd11.o
 .debug_macro   0x00000000      0x340 Device_Startup/system_samd11.o
 .debug_macro   0x00000000       0x7c Device_Startup/system_samd11.o
 .debug_macro   0x00000000       0xa0 Device_Startup/system_samd11.o
 .debug_macro   0x00000000       0x4c Device_Startup/system_samd11.o
 .debug_macro   0x00000000       0xca Device_Startup/system_samd11.o
 .debug_macro   0x00000000       0xb8 Device_Startup/system_samd11.o
 .debug_macro   0x00000000       0x58 Device_Startup/system_samd11.o
 .debug_macro   0x00000000      0x201 Device_Startup/system_samd11.o
 .debug_macro   0x00000000       0x82 Device_Startup/system_samd11.o
 .debug_macro   0x00000000      0x189 Device_Startup/system_samd11.o
 .debug_macro   0x00000000       0xa0 Device_Startup/system_samd11.o
 .debug_macro   0x00000000       0xac Device_Startup/system_samd11.o
 .debug_macro   0x00000000       0x1c Device_Startup/system_samd11.o
 .debug_macro   0x00000000       0x1c Device_Startup/system_samd11.o
 .debug_macro   0x00000000       0x1c Device_Startup/system_samd11.o
 .debug_macro   0x00000000       0x82 Device_Startup/system_samd11.o
 .debug_macro   0x00000000      0x112 Device_Startup/system_samd11.o
 .debug_macro   0x00000000       0x10 Device_Startup/system_samd11.o
 .debug_macro   0x00000000       0xdc Device_Startup/system_samd11.o
 .debug_macro   0x00000000      0x124 Device_Startup/system_samd11.o
 .debug_macro   0x00000000      0x124 Device_Startup/system_samd11.o
 .debug_macro   0x00000000      0x124 Device_Startup/system_samd11.o
 .debug_macro   0x00000000      0x124 Device_Startup/system_samd11.o
 .debug_macro   0x00000000       0xe2 Device_Startup/system_samd11.o
 .debug_macro   0x00000000       0xe2 Device_Startup/system_samd11.o
 .debug_macro   0x00000000      0x12a Device_Startup/system_samd11.o
 .debug_macro   0x00000000      0x1fa Device_Startup/system_samd11.o
 .debug_macro   0x00000000       0x40 Device_Startup/system_samd11.o
 .debug_macro   0x00000000      0x306 Device_Startup/system_samd11.o
 .debug_macro   0x00000000      0xff9 Device_Startup/system_samd11.o
 .debug_macro   0x00000000       0x5f Device_Startup/system_samd11.o
 .group         0x00000000        0x8 main.o
 .group         0x00000000        0x8 main.o
 .group         0x00000000        0x8 main.o
 .group         0x00000000        0x8 main.o
 .group         0x00000000        0x8 main.o
 .group         0x00000000        0x8 main.o
 .group         0x00000000        0x8 main.o
 .group         0x00000000        0x8 main.o
 .group         0x00000000        0x8 main.o
 .group         0x00000000        0x8 main.o
 .group         0x00000000        0x8 main.o
 .group         0x00000000        0x8 main.o
 .group         0x00000000        0x8 main.o
 .group         0x00000000        0x8 main.o
 .group         0x00000000        0x8 main.o
 .group         0x00000000        0x8 main.o
 .group         0x00000000        0x8 main.o
 .group         0x00000000        0x8 main.o
 .group         0x00000000        0x8 main.o
 .group         0x00000000        0x8 main.o
 .group         0x00000000        0x8 main.o
 .group         0x00000000        0x8 main.o
 .group         0x00000000        0x8 main.o
 .group         0x00000000        0x8 main.o
 .group         0x00000000        0x8 main.o
 .group         0x00000000        0x8 main.o
 .group         0x00000000        0x8 main.o
 .group         0x00000000        0x8 main.o
 .group         0x00000000        0x8 main.o
 .group         0x00000000        0x8 main.o
 .group         0x00000000        0x8 main.o
 .group         0x00000000        0x8 main.o
 .group         0x00000000        0x8 main.o
 .group         0x00000000        0x8 main.o
 .group         0x00000000        0x8 main.o
 .group         0x00000000        0x8 main.o
 .group         0x00000000        0x8 main.o
 .group         0x00000000        0x8 main.o
 .group         0x00000000        0x8 main.o
 .group         0x00000000        0x8 main.o
 .group         0x00000000        0x8 main.o
 .group         0x00000000        0x8 main.o
 .group         0x00000000        0x8 main.o
 .group         0x00000000        0x8 main.o
 .group         0x00000000        0x8 main.o
 .group         0x00000000        0x8 main.o
 .group         0x00000000        0x8 main.o
 .group         0x00000000        0x8 main.o
 .group         0x00000000        0x8 main.o
 .group         0x00000000        0x8 main.o
 .group         0x00000000        0x8 main.o
 .group         0x00000000        0x8 main.o
 .group         0x00000000        0x8 main.o
 .group         0x00000000        0x8 main.o
 .group         0x00000000        0x8 main.o
 .group         0x00000000        0x8 main.o
 .group         0x00000000        0x8 main.o
 .group         0x00000000        0x8 main.o
 .group         0x00000000        0x8 main.o
 .group         0x00000000        0x8 main.o
 .group         0x00000000        0x8 main.o
 .group         0x00000000        0x8 main.o
 .group         0x00000000        0x8 main.o
 .group         0x00000000        0x8 main.o
 .group         0x00000000        0x8 main.o
 .text          0x00000000        0x0 main.o
 .data          0x00000000        0x0 main.o
 .bss           0x00000000        0x0 main.o
 .debug_macro   0x00000000      0x89e main.o
 .debug_macro   0x00000000       0x22 main.o
 .debug_macro   0x00000000       0x87 main.o
 .debug_macro   0x00000000       0x51 main.o
 .debug_macro   0x00000000       0xef main.o
 .debug_macro   0x00000000       0x6a main.o
 .debug_macro   0x00000000      0x1df main.o
 .debug_macro   0x00000000       0x39 main.o
 .debug_macro   0x00000000       0x1c main.o
 .debug_macro   0x00000000       0x22 main.o
 .debug_macro   0x00000000       0xb5 main.o
 .debug_macro   0x00000000      0x3ad main.o
 .debug_macro   0x00000000      0x67e main.o
 .debug_macro   0x00000000      0x8b1 main.o
 .debug_macro   0x00000000      0x22e main.o
 .debug_macro   0x00000000      0xc0c main.o
 .debug_macro   0x00000000      0x5e7 main.o
 .debug_macro   0x00000000      0x7c6 main.o
 .debug_macro   0x00000000      0x4e3 main.o
 .debug_macro   0x00000000      0x37f main.o
 .debug_macro   0x00000000      0x189 main.o
 .debug_macro   0x00000000      0x21c main.o
 .debug_macro   0x00000000      0x735 main.o
 .debug_macro   0x00000000       0x5e main.o
 .debug_macro   0x00000000      0x624 main.o
 .debug_macro   0x00000000      0x3ac main.o
 .debug_macro   0x00000000      0xc76 main.o
 .debug_macro   0x00000000     0x1092 main.o
 .debug_macro   0x00000000      0xc19 main.o
 .debug_macro   0x00000000      0x6ba main.o
 .debug_macro   0x00000000     0x1b83 main.o
 .debug_macro   0x00000000      0xb7c main.o
 .debug_macro   0x00000000      0x340 main.o
 .debug_macro   0x00000000       0x7c main.o
 .debug_macro   0x00000000       0xa0 main.o
 .debug_macro   0x00000000       0x4c main.o
 .debug_macro   0x00000000       0xca main.o
 .debug_macro   0x00000000       0xb8 main.o
 .debug_macro   0x00000000       0x58 main.o
 .debug_macro   0x00000000      0x201 main.o
 .debug_macro   0x00000000       0x82 main.o
 .debug_macro   0x00000000      0x189 main.o
 .debug_macro   0x00000000       0xa0 main.o
 .debug_macro   0x00000000       0xac main.o
 .debug_macro   0x00000000       0x1c main.o
 .debug_macro   0x00000000       0x1c main.o
 .debug_macro   0x00000000       0x1c main.o
 .debug_macro   0x00000000       0x82 main.o
 .debug_macro   0x00000000      0x112 main.o
 .debug_macro   0x00000000       0x10 main.o
 .debug_macro   0x00000000       0xdc main.o
 .debug_macro   0x00000000      0x124 main.o
 .debug_macro   0x00000000      0x124 main.o
 .debug_macro   0x00000000      0x124 main.o
 .debug_macro   0x00000000      0x124 main.o
 .debug_macro   0x00000000       0xe2 main.o
 .debug_macro   0x00000000       0xe2 main.o
 .debug_macro   0x00000000      0x12a main.o
 .debug_macro   0x00000000      0x1fa main.o
 .debug_macro   0x00000000       0x40 main.o
 .debug_macro   0x00000000      0x306 main.o
 .debug_macro   0x00000000      0xff9 main.o
 .debug_macro   0x00000000       0x5f main.o
 .debug_macro   0x00000000       0x1c main.o
 .text          0x00000000        0x0 c:/program files (x86)/atmel/studio/7.0/toolchain/arm/arm-gnu-toolchain/bin/../lib/gcc/arm-none-eabi/6.3.1/../../../../arm-none-eabi/lib/thumb/v6-m\libc.a(lib_a-exit.o)
 .data          0x00000000        0x0 c:/program files (x86)/atmel/studio/7.0/toolchain/arm/arm-gnu-toolchain/bin/../lib/gcc/arm-none-eabi/6.3.1/../../../../arm-none-eabi/lib/thumb/v6-m\libc.a(lib_a-exit.o)
 .bss           0x00000000        0x0 c:/program files (x86)/atmel/studio/7.0/toolchain/arm/arm-gnu-toolchain/bin/../lib/gcc/arm-none-eabi/6.3.1/../../../../arm-none-eabi/lib/thumb/v6-m\libc.a(lib_a-exit.o)
 .text.exit     0x00000000       0x20 c:/program files (x86)/atmel/studio/7.0/toolchain/arm/arm-gnu-toolchain/bin/../lib/gcc/arm-none-eabi/6.3.1/../../../../arm-none-eabi/lib/thumb/v6-m\libc.a(lib_a-exit.o)
 .debug_frame   0x00000000       0x28 c:/program files (x86)/atmel/studio/7.0/toolchain/arm/arm-gnu-toolchain/bin/../lib/gcc/arm-none-eabi/6.3.1/../../../../arm-none-eabi/lib/thumb/v6-m\libc.a(lib_a-exit.o)
 .ARM.attributes
                0x00000000       0x2c c:/program files (x86)/atmel/studio/7.0/toolchain/arm/arm-gnu-toolchain/bin/../lib/gcc/arm-none-eabi/6.3.1/../../../../arm-none-eabi/lib/thumb/v6-m\libc.a(lib_a-exit.o)
 .text          0x00000000        0x0 c:/program files (x86)/atmel/studio/7.0/toolchain/arm/arm-gnu-toolchain/bin/../lib/gcc/arm-none-eabi/6.3.1/../../../../arm-none-eabi/lib/thumb/v6-m\libc.a(lib_a-impure.o)
 .data          0x00000000        0x0 c:/program files (x86)/atmel/studio/7.0/toolchain/arm/arm-gnu-toolchain/bin/../lib/gcc/arm-none-eabi/6.3.1/../../../../arm-none-eabi/lib/thumb/v6-m\libc.a(lib_a-impure.o)
 .bss           0x00000000        0x0 c:/program files (x86)/atmel/studio/7.0/toolchain/arm/arm-gnu-toolchain/bin/../lib/gcc/arm-none-eabi/6.3.1/../../../../arm-none-eabi/lib/thumb/v6-m\libc.a(lib_a-impure.o)
 .data._impure_ptr
                0x00000000        0x4 c:/program files (x86)/atmel/studio/7.0/toolchain/arm/arm-gnu-toolchain/bin/../lib/gcc/arm-none-eabi/6.3.1/../../../../arm-none-eabi/lib/thumb/v6-m\libc.a(lib_a-impure.o)
 .text          0x00000000        0x0 c:/program files (x86)/atmel/studio/7.0/toolchain/arm/arm-gnu-toolchain/bin/../lib/gcc/arm-none-eabi/6.3.1/../../../../arm-none-eabi/lib/thumb/v6-m\libc.a(lib_a-init.o)
 .data          0x00000000        0x0 c:/program files (x86)/atmel/studio/7.0/toolchain/arm/arm-gnu-toolchain/bin/../lib/gcc/arm-none-eabi/6.3.1/../../../../arm-none-eabi/lib/thumb/v6-m\libc.a(lib_a-init.o)
 .bss           0x00000000        0x0 c:/program files (x86)/atmel/studio/7.0/toolchain/arm/arm-gnu-toolchain/bin/../lib/gcc/arm-none-eabi/6.3.1/../../../../arm-none-eabi/lib/thumb/v6-m\libc.a(lib_a-init.o)
 .text          0x00000000        0x0 c:/program files (x86)/atmel/studio/7.0/toolchain/arm/arm-gnu-toolchain/bin/../lib/gcc/arm-none-eabi/6.3.1/../../../../arm-none-eabi/lib/thumb/v6-m\libc.a(lib_a-memset.o)
 .data          0x00000000        0x0 c:/program files (x86)/atmel/studio/7.0/toolchain/arm/arm-gnu-toolchain/bin/../lib/gcc/arm-none-eabi/6.3.1/../../../../arm-none-eabi/lib/thumb/v6-m\libc.a(lib_a-memset.o)
 .bss           0x00000000        0x0 c:/program files (x86)/atmel/studio/7.0/toolchain/arm/arm-gnu-toolchain/bin/../lib/gcc/arm-none-eabi/6.3.1/../../../../arm-none-eabi/lib/thumb/v6-m\libc.a(lib_a-memset.o)
 .text.memset   0x00000000       0x94 c:/program files (x86)/atmel/studio/7.0/toolchain/arm/arm-gnu-toolchain/bin/../lib/gcc/arm-none-eabi/6.3.1/../../../../arm-none-eabi/lib/thumb/v6-m\libc.a(lib_a-memset.o)
 .debug_frame   0x00000000       0x30 c:/program files (x86)/atmel/studio/7.0/toolchain/arm/arm-gnu-toolchain/bin/../lib/gcc/arm-none-eabi/6.3.1/../../../../arm-none-eabi/lib/thumb/v6-m\libc.a(lib_a-memset.o)
 .ARM.attributes
                0x00000000       0x2c c:/program files (x86)/atmel/studio/7.0/toolchain/arm/arm-gnu-toolchain/bin/../lib/gcc/arm-none-eabi/6.3.1/../../../../arm-none-eabi/lib/thumb/v6-m\libc.a(lib_a-memset.o)
 .text          0x00000000        0x0 c:/program files (x86)/atmel/studio/7.0/toolchain/arm/arm-gnu-toolchain/bin/../lib/gcc/arm-none-eabi/6.3.1/../../../../arm-none-eabi/lib/thumb/v6-m\libc.a(lib_a-__call_atexit.o)
 .data          0x00000000        0x0 c:/program files (x86)/atmel/studio/7.0/toolchain/arm/arm-gnu-toolchain/bin/../lib/gcc/arm-none-eabi/6.3.1/../../../../arm-none-eabi/lib/thumb/v6-m\libc.a(lib_a-__call_atexit.o)
 .bss           0x00000000        0x0 c:/program files (x86)/atmel/studio/7.0/toolchain/arm/arm-gnu-toolchain/bin/../lib/gcc/arm-none-eabi/6.3.1/../../../../arm-none-eabi/lib/thumb/v6-m\libc.a(lib_a-__call_atexit.o)
 .text.__call_exitprocs
                0x00000000      0x110 c:/program files (x86)/atmel/studio/7.0/toolchain/arm/arm-gnu-toolchain/bin/../lib/gcc/arm-none-eabi/6.3.1/../../../../arm-none-eabi/lib/thumb/v6-m\libc.a(lib_a-__call_atexit.o)
 .text          0x00000000        0x0 c:/program files (x86)/atmel/studio/7.0/toolchain/arm/arm-gnu-toolchain/bin/../lib/gcc/arm-none-eabi/6.3.1/../../../../arm-none-eabi/lib/thumb/v6-m\libc.a(lib_a-atexit.o)
 .data          0x00000000        0x0 c:/program files (x86)/atmel/studio/7.0/toolchain/arm/arm-gnu-toolchain/bin/../lib/gcc/arm-none-eabi/6.3.1/../../../../arm-none-eabi/lib/thumb/v6-m\libc.a(lib_a-atexit.o)
 .bss           0x00000000        0x0 c:/program files (x86)/atmel/studio/7.0/toolchain/arm/arm-gnu-toolchain/bin/../lib/gcc/arm-none-eabi/6.3.1/../../../../arm-none-eabi/lib/thumb/v6-m\libc.a(lib_a-atexit.o)
 .text          0x00000000        0x0 c:/program files (x86)/atmel/studio/7.0/toolchain/arm/arm-gnu-toolchain/bin/../lib/gcc/arm-none-eabi/6.3.1/../../../../arm-none-eabi/lib/thumb/v6-m\libc.a(lib_a-fini.o)
 .data          0x00000000        0x0 c:/program files (x86)/atmel/studio/7.0/toolchain/arm/arm-gnu-toolchain/bin/../lib/gcc/arm-none-eabi/6.3.1/../../../../arm-none-eabi/lib/thumb/v6-m\libc.a(lib_a-fini.o)
 .bss           0x00000000        0x0 c:/program files (x86)/atmel/studio/7.0/toolchain/arm/arm-gnu-toolchain/bin/../lib/gcc/arm-none-eabi/6.3.1/../../../../arm-none-eabi/lib/thumb/v6-m\libc.a(lib_a-fini.o)
 .text          0x00000000        0x0 c:/program files (x86)/atmel/studio/7.0/toolchain/arm/arm-gnu-toolchain/bin/../lib/gcc/arm-none-eabi/6.3.1/../../../../arm-none-eabi/lib/thumb/v6-m\libc.a(lib_a-lock.o)
 .data          0x00000000        0x0 c:/program files (x86)/atmel/studio/7.0/toolchain/arm/arm-gnu-toolchain/bin/../lib/gcc/arm-none-eabi/6.3.1/../../../../arm-none-eabi/lib/thumb/v6-m\libc.a(lib_a-lock.o)
 .bss           0x00000000        0x0 c:/program files (x86)/atmel/studio/7.0/toolchain/arm/arm-gnu-toolchain/bin/../lib/gcc/arm-none-eabi/6.3.1/../../../../arm-none-eabi/lib/thumb/v6-m\libc.a(lib_a-lock.o)
 .text.__retarget_lock_init
                0x00000000        0x4 c:/program files (x86)/atmel/studio/7.0/toolchain/arm/arm-gnu-toolchain/bin/../lib/gcc/arm-none-eabi/6.3.1/../../../../arm-none-eabi/lib/thumb/v6-m\libc.a(lib_a-lock.o)
 .text.__retarget_lock_init_recursive
                0x00000000        0x4 c:/program files (x86)/atmel/studio/7.0/toolchain/arm/arm-gnu-toolchain/bin/../lib/gcc/arm-none-eabi/6.3.1/../../../../arm-none-eabi/lib/thumb/v6-m\libc.a(lib_a-lock.o)
 .text.__retarget_lock_close
                0x00000000        0x4 c:/program files (x86)/atmel/studio/7.0/toolchain/arm/arm-gnu-toolchain/bin/../lib/gcc/arm-none-eabi/6.3.1/../../../../arm-none-eabi/lib/thumb/v6-m\libc.a(lib_a-lock.o)
 .text.__retarget_lock_close_recursive
                0x00000000        0x4 c:/program files (x86)/atmel/studio/7.0/toolchain/arm/arm-gnu-toolchain/bin/../lib/gcc/arm-none-eabi/6.3.1/../../../../arm-none-eabi/lib/thumb/v6-m\libc.a(lib_a-lock.o)
 .text.__retarget_lock_acquire
                0x00000000        0x4 c:/program files (x86)/atmel/studio/7.0/toolchain/arm/arm-gnu-toolchain/bin/../lib/gcc/arm-none-eabi/6.3.1/../../../../arm-none-eabi/lib/thumb/v6-m\libc.a(lib_a-lock.o)
 .text.__retarget_lock_try_acquire
                0x00000000        0x4 c:/program files (x86)/atmel/studio/7.0/toolchain/arm/arm-gnu-toolchain/bin/../lib/gcc/arm-none-eabi/6.3.1/../../../../arm-none-eabi/lib/thumb/v6-m\libc.a(lib_a-lock.o)
 .text.__retarget_lock_try_acquire_recursive
                0x00000000        0x4 c:/program files (x86)/atmel/studio/7.0/toolchain/arm/arm-gnu-toolchain/bin/../lib/gcc/arm-none-eabi/6.3.1/../../../../arm-none-eabi/lib/thumb/v6-m\libc.a(lib_a-lock.o)
 .text.__retarget_lock_release
                0x00000000        0x4 c:/program files (x86)/atmel/studio/7.0/toolchain/arm/arm-gnu-toolchain/bin/../lib/gcc/arm-none-eabi/6.3.1/../../../../arm-none-eabi/lib/thumb/v6-m\libc.a(lib_a-lock.o)
 .text          0x00000000        0x0 c:/program files (x86)/atmel/studio/7.0/toolchain/arm/arm-gnu-toolchain/bin/../lib/gcc/arm-none-eabi/6.3.1/../../../../arm-none-eabi/lib/thumb/v6-m\libc.a(lib_a-__atexit.o)
 .data          0x00000000        0x0 c:/program files (x86)/atmel/studio/7.0/toolchain/arm/arm-gnu-toolchain/bin/../lib/gcc/arm-none-eabi/6.3.1/../../../../arm-none-eabi/lib/thumb/v6-m\libc.a(lib_a-__atexit.o)
 .bss           0x00000000        0x0 c:/program files (x86)/atmel/studio/7.0/toolchain/arm/arm-gnu-toolchain/bin/../lib/gcc/arm-none-eabi/6.3.1/../../../../arm-none-eabi/lib/thumb/v6-m\libc.a(lib_a-__atexit.o)
 .text          0x00000000        0x0 c:/program files (x86)/atmel/studio/7.0/toolchain/arm/arm-gnu-toolchain/bin/../lib/gcc/arm-none-eabi/6.3.1/thumb/v6-m/crtend.o
 .data          0x00000000        0x0 c:/program files (x86)/atmel/studio/7.0/toolchain/arm/arm-gnu-toolchain/bin/../lib/gcc/arm-none-eabi/6.3.1/thumb/v6-m/crtend.o
 .bss           0x00000000        0x0 c:/program files (x86)/atmel/studio/7.0/toolchain/arm/arm-gnu-toolchain/bin/../lib/gcc/arm-none-eabi/6.3.1/thumb/v6-m/crtend.o
 .eh_frame      0x00000000        0x4 c:/program files (x86)/atmel/studio/7.0/toolchain/arm/arm-gnu-toolchain/bin/../lib/gcc/arm-none-eabi/6.3.1/thumb/v6-m/crtend.o
 .jcr           0x00000000        0x4 c:/program files (x86)/atmel/studio/7.0/toolchain/arm/arm-gnu-toolchain/bin/../lib/gcc/arm-none-eabi/6.3.1/thumb/v6-m/crtend.o
 .ARM.attributes
                0x00000000       0x2c c:/program files (x86)/atmel/studio/7.0/toolchain/arm/arm-gnu-toolchain/bin/../lib/gcc/arm-none-eabi/6.3.1/thumb/v6-m/crtend.o
 .text          0x00000000        0x0 c:/program files (x86)/atmel/studio/7.0/toolchain/arm/arm-gnu-toolchain/bin/../lib/gcc/arm-none-eabi/6.3.1/thumb/v6-m/crtn.o
 .data          0x00000000        0x0 c:/program files (x86)/atmel/studio/7.0/toolchain/arm/arm-gnu-toolchain/bin/../lib/gcc/arm-none-eabi/6.3.1/thumb/v6-m/crtn.o
 .bss           0x00000000        0x0 c:/program files (x86)/atmel/studio/7.0/toolchain/arm/arm-gnu-toolchain/bin/../lib/gcc/arm-none-eabi/6.3.1/thumb/v6-m/crtn.o

Memory Configuration

Name             Origin             Length             Attributes
rom              0x00000000         0x00004000         xr
ram              0x20000000         0x00001000         xrw
*default*        0x00000000         0xffffffff

Linker script and memory map

LOAD c:/program files (x86)/atmel/studio/7.0/toolchain/arm/arm-gnu-toolchain/bin/../lib/gcc/arm-none-eabi/6.3.1/thumb/v6-m/crti.o
LOAD c:/program files (x86)/atmel/studio/7.0/toolchain/arm/arm-gnu-toolchain/bin/../lib/gcc/arm-none-eabi/6.3.1/thumb/v6-m/crtbegin.o
LOAD c:/program files (x86)/atmel/studio/7.0/toolchain/arm/arm-gnu-toolchain/bin/../lib/gcc/arm-none-eabi/6.3.1/../../../../arm-none-eabi/lib/thumb/v6-m/crt0.o
LOAD dh_adc.o
LOAD dh_dac.o
LOAD dh_i2c.o
LOAD Device_Startup/startup_samd11.o
LOAD Device_Startup/system_samd11.o
LOAD main.o
START GROUP
LOAD c:/program files (x86)/atmel/studio/7.0/toolchain/arm/arm-gnu-toolchain/bin/../lib/gcc/arm-none-eabi/6.3.1/../../../../arm-none-eabi/lib/thumb/v6-m\libm.a
END GROUP
START GROUP
LOAD c:/program files (x86)/atmel/studio/7.0/toolchain/arm/arm-gnu-toolchain/bin/../lib/gcc/arm-none-eabi/6.3.1/thumb/v6-m\libgcc.a
LOAD c:/program files (x86)/atmel/studio/7.0/toolchain/arm/arm-gnu-toolchain/bin/../lib/gcc/arm-none-eabi/6.3.1/../../../../arm-none-eabi/lib/thumb/v6-m\libc.a
END GROUP
LOAD c:/program files (x86)/atmel/studio/7.0/toolchain/arm/arm-gnu-toolchain/bin/../lib/gcc/arm-none-eabi/6.3.1/thumb/v6-m/crtend.o
LOAD c:/program files (x86)/atmel/studio/7.0/toolchain/arm/arm-gnu-toolchain/bin/../lib/gcc/arm-none-eabi/6.3.1/thumb/v6-m/crtn.o
                0x00000400                STACK_SIZE = DEFINED (STACK_SIZE)?STACK_SIZE:DEFINED (__stack_size__)?__stack_size__:0x400

.text           0x00000000      0x5e8
                0x00000000                . = ALIGN (0x4)
                0x00000000                _sfixed = .
 *(.vectors .vectors.*)
 .vectors       0x00000000       0x8c Device_Startup/startup_samd11.o
                0x00000000                exception_table
 *(.text .text.* .gnu.linkonce.t.*)
 .text          0x0000008c       0x60 c:/program files (x86)/atmel/studio/7.0/toolchain/arm/arm-gnu-toolchain/bin/../lib/gcc/arm-none-eabi/6.3.1/thumb/v6-m/crtbegin.o
 .text.setupADC
                0x000000ec      0x1cc dh_adc.o
                0x000000ec                setupADC
 .text.setADCInput
                0x000002b8       0x20 dh_adc.o
                0x000002b8                setADCInput
 .text.readADC  0x000002d8       0x28 dh_adc.o
                0x000002d8                readADC
 .text.Dummy_Handler
                0x00000300        0x2 Device_Startup/startup_samd11.o
                0x00000300                SVCall_Handler
                0x00000300                DMAC_Handler
                0x00000300                HardFault_Handler
                0x00000300                TC2_Handler
                0x00000300                AC_Handler
                0x00000300                SysTick_Handler
                0x00000300                PendSV_Handler
                0x00000300                SERCOM1_Handler
                0x00000300                ADC_Handler
                0x00000300                NonMaskableInt_Handler
                0x00000300                SERCOM2_Handler
                0x00000300                TCC0_Handler
                0x00000300                RTC_Handler
                0x00000300                EIC_Handler
                0x00000300                WDT_Handler
                0x00000300                TC1_Handler
                0x00000300                USB_Handler
                0x00000300                Dummy_Handler
                0x00000300                PM_Handler
                0x00000300                EVSYS_Handler
                0x00000300                NVMCTRL_Handler
                0x00000300                SERCOM0_Handler
                0x00000300                DAC_Handler
                0x00000300                PTC_Handler
                0x00000300                SYSCTRL_Handler
 *fill*         0x00000302        0x2 
 .text.Reset_Handler
                0x00000304       0xe4 Device_Startup/startup_samd11.o
                0x00000304                Reset_Handler
 .text.SystemInit
                0x000003e8       0x10 Device_Startup/system_samd11.o
                0x000003e8                SystemInit
 .text.main     0x000003f8       0x28 main.o
                0x000003f8                main
 .text.__libc_init_array
                0x00000420       0x48 c:/program files (x86)/atmel/studio/7.0/toolchain/arm/arm-gnu-toolchain/bin/../lib/gcc/arm-none-eabi/6.3.1/../../../../arm-none-eabi/lib/thumb/v6-m\libc.a(lib_a-init.o)
                0x00000420                __libc_init_array
 .text.startup.register_fini
                0x00000468       0x18 c:/program files (x86)/atmel/studio/7.0/toolchain/arm/arm-gnu-toolchain/bin/../lib/gcc/arm-none-eabi/6.3.1/../../../../arm-none-eabi/lib/thumb/v6-m\libc.a(lib_a-__call_atexit.o)
 .text.atexit   0x00000480       0x10 c:/program files (x86)/atmel/studio/7.0/toolchain/arm/arm-gnu-toolchain/bin/../lib/gcc/arm-none-eabi/6.3.1/../../../../arm-none-eabi/lib/thumb/v6-m\libc.a(lib_a-atexit.o)
                0x00000480                atexit
 .text.__libc_fini_array
                0x00000490       0x34 c:/program files (x86)/atmel/studio/7.0/toolchain/arm/arm-gnu-toolchain/bin/../lib/gcc/arm-none-eabi/6.3.1/../../../../arm-none-eabi/lib/thumb/v6-m\libc.a(lib_a-fini.o)
                0x00000490                __libc_fini_array
 .text.__retarget_lock_acquire_recursive
                0x000004c4        0x4 c:/program files (x86)/atmel/studio/7.0/toolchain/arm/arm-gnu-toolchain/bin/../lib/gcc/arm-none-eabi/6.3.1/../../../../arm-none-eabi/lib/thumb/v6-m\libc.a(lib_a-lock.o)
                0x000004c4                __retarget_lock_acquire_recursive
 .text.__retarget_lock_release_recursive
                0x000004c8        0x4 c:/program files (x86)/atmel/studio/7.0/toolchain/arm/arm-gnu-toolchain/bin/../lib/gcc/arm-none-eabi/6.3.1/../../../../arm-none-eabi/lib/thumb/v6-m\libc.a(lib_a-lock.o)
                0x000004c8                __retarget_lock_release_recursive
 .text.__register_exitproc
                0x000004cc       0xf4 c:/program files (x86)/atmel/studio/7.0/toolchain/arm/arm-gnu-toolchain/bin/../lib/gcc/arm-none-eabi/6.3.1/../../../../arm-none-eabi/lib/thumb/v6-m\libc.a(lib_a-__atexit.o)
                0x000004cc                __register_exitproc
 *(.glue_7t)
 .glue_7t       0x000005c0        0x0 linker stubs
 *(.glue_7)
 .glue_7        0x000005c0        0x0 linker stubs
 *(.rodata .rodata* .gnu.linkonce.r.*)
 .rodata._global_impure_ptr
                0x000005c0        0x4 c:/program files (x86)/atmel/studio/7.0/toolchain/arm/arm-gnu-toolchain/bin/../lib/gcc/arm-none-eabi/6.3.1/../../../../arm-none-eabi/lib/thumb/v6-m\libc.a(lib_a-impure.o)
                0x000005c0                _global_impure_ptr
 *(.ARM.extab* .gnu.linkonce.armextab.*)
                0x000005c4                . = ALIGN (0x4)
 *(.init)
 .init          0x000005c4        0x4 c:/program files (x86)/atmel/studio/7.0/toolchain/arm/arm-gnu-toolchain/bin/../lib/gcc/arm-none-eabi/6.3.1/thumb/v6-m/crti.o
                0x000005c4                _init
 .init          0x000005c8        0x8 c:/program files (x86)/atmel/studio/7.0/toolchain/arm/arm-gnu-toolchain/bin/../lib/gcc/arm-none-eabi/6.3.1/thumb/v6-m/crtn.o
                0x000005d0                . = ALIGN (0x4)
                0x000005d0                __preinit_array_start = .
 *(.preinit_array)
                0x000005d0                __preinit_array_end = .
                0x000005d0                . = ALIGN (0x4)
                0x000005d0                __init_array_start = .
 *(SORT(.init_array.*))
 .init_array.00000
                0x000005d0        0x4 c:/program files (x86)/atmel/studio/7.0/toolchain/arm/arm-gnu-toolchain/bin/../lib/gcc/arm-none-eabi/6.3.1/../../../../arm-none-eabi/lib/thumb/v6-m\libc.a(lib_a-__call_atexit.o)
 *(.init_array)
 .init_array    0x000005d4        0x4 c:/program files (x86)/atmel/studio/7.0/toolchain/arm/arm-gnu-toolchain/bin/../lib/gcc/arm-none-eabi/6.3.1/thumb/v6-m/crtbegin.o
                0x000005d8                __init_array_end = .
                0x000005d8                . = ALIGN (0x4)
 *crtbegin.o(.ctors)
 *(EXCLUDE_FILE(*crtend.o) .ctors)
 *(SORT(.ctors.*))
 *crtend.o(.ctors)
                0x000005d8                . = ALIGN (0x4)
 *(.fini)
 .fini          0x000005d8        0x4 c:/program files (x86)/atmel/studio/7.0/toolchain/arm/arm-gnu-toolchain/bin/../lib/gcc/arm-none-eabi/6.3.1/thumb/v6-m/crti.o
                0x000005d8                _fini
 .fini          0x000005dc        0x8 c:/program files (x86)/atmel/studio/7.0/toolchain/arm/arm-gnu-toolchain/bin/../lib/gcc/arm-none-eabi/6.3.1/thumb/v6-m/crtn.o
                0x000005e4                . = ALIGN (0x4)
                0x000005e4                __fini_array_start = .
 *(.fini_array)
 .fini_array    0x000005e4        0x4 c:/program files (x86)/atmel/studio/7.0/toolchain/arm/arm-gnu-toolchain/bin/../lib/gcc/arm-none-eabi/6.3.1/thumb/v6-m/crtbegin.o
 *(SORT(.fini_array.*))
                0x000005e8                __fini_array_end = .
 *crtbegin.o(.dtors)
 *(EXCLUDE_FILE(*crtend.o) .dtors)
 *(SORT(.dtors.*))
 *crtend.o(.dtors)
                0x000005e8                . = ALIGN (0x4)
                0x000005e8                _efixed = .
                [!provide]                PROVIDE (__exidx_start, .)

.vfp11_veneer   0x000005e8        0x0
 .vfp11_veneer  0x000005e8        0x0 linker stubs

.v4_bx          0x000005e8        0x0
 .v4_bx         0x000005e8        0x0 linker stubs

.iplt           0x000005e8        0x0
 .iplt          0x000005e8        0x0 c:/program files (x86)/atmel/studio/7.0/toolchain/arm/arm-gnu-toolchain/bin/../lib/gcc/arm-none-eabi/6.3.1/thumb/v6-m/crtbegin.o

.eh_frame       0x000005e8        0x0
 .eh_frame      0x000005e8        0x0 c:/program files (x86)/atmel/studio/7.0/toolchain/arm/arm-gnu-toolchain/bin/../lib/gcc/arm-none-eabi/6.3.1/thumb/v6-m/crtbegin.o

.rel.dyn        0x000005e8        0x0
 .rel.iplt      0x000005e8        0x0 c:/program files (x86)/atmel/studio/7.0/toolchain/arm/arm-gnu-toolchain/bin/../lib/gcc/arm-none-eabi/6.3.1/thumb/v6-m/crtbegin.o

.jcr            0x000005e8        0x0
 .jcr           0x000005e8        0x0 c:/program files (x86)/atmel/studio/7.0/toolchain/arm/arm-gnu-toolchain/bin/../lib/gcc/arm-none-eabi/6.3.1/thumb/v6-m/crtbegin.o

.igot.plt       0x000005e8        0x0
 .igot.plt      0x000005e8        0x0 c:/program files (x86)/atmel/studio/7.0/toolchain/arm/arm-gnu-toolchain/bin/../lib/gcc/arm-none-eabi/6.3.1/thumb/v6-m/crtbegin.o

.ARM.exidx
 *(.ARM.exidx* .gnu.linkonce.armexidx.*)
                [!provide]                PROVIDE (__exidx_end, .)
                0x000005e8                . = ALIGN (0x4)
                0x000005e8                _etext = .

.relocate       0x20000000      0x434 load address 0x000005e8
                0x20000000                . = ALIGN (0x4)
                0x20000000                _srelocate = .
 *(.ramfunc .ramfunc.*)
 *(.data .data.*)
 .data          0x20000000        0x4 Device_Startup/system_samd11.o
                0x20000000                SystemCoreClock
 *fill*         0x20000004        0x4 
 .data.impure_data
                0x20000008      0x428 c:/program files (x86)/atmel/studio/7.0/toolchain/arm/arm-gnu-toolchain/bin/../lib/gcc/arm-none-eabi/6.3.1/../../../../arm-none-eabi/lib/thumb/v6-m\libc.a(lib_a-impure.o)
 .data.__atexit_recursive_mutex
                0x20000430        0x4 c:/program files (x86)/atmel/studio/7.0/toolchain/arm/arm-gnu-toolchain/bin/../lib/gcc/arm-none-eabi/6.3.1/../../../../arm-none-eabi/lib/thumb/v6-m\libc.a(lib_a-__call_atexit.o)
                0x20000430                __atexit_recursive_mutex
                0x20000434                . = ALIGN (0x4)
                0x20000434                _erelocate = .

.bss            0x20000434       0x40 load address 0x00000a1c
                0x20000434                . = ALIGN (0x4)
                0x20000434                _sbss = .
                0x20000434                _szero = .
 *(.bss .bss.*)
 .bss           0x20000434       0x1c c:/program files (x86)/atmel/studio/7.0/toolchain/arm/arm-gnu-toolchain/bin/../lib/gcc/arm-none-eabi/6.3.1/thumb/v6-m/crtbegin.o
 *(COMMON)
 COMMON         0x20000450       0x21 c:/program files (x86)/atmel/studio/7.0/toolchain/arm/arm-gnu-toolchain/bin/../lib/gcc/arm-none-eabi/6.3.1/../../../../arm-none-eabi/lib/thumb/v6-m\libc.a(lib_a-lock.o)
                0x20000450                __lock___atexit_recursive_mutex
                0x20000454                __lock___arc4random_mutex
                0x20000458                __lock___env_recursive_mutex
                0x2000045c                __lock___sinit_recursive_mutex
                0x20000460                __lock___malloc_recursive_mutex
                0x20000464                __lock___at_quick_exit_mutex
                0x20000468                __lock___dd_hash_mutex
                0x2000046c                __lock___tz_mutex
                0x20000470                __lock___sfp_recursive_mutex
                0x20000474                . = ALIGN (0x4)
 *fill*         0x20000471        0x3 
                0x20000474                _ebss = .
                0x20000474                _ezero = .

.stack          0x20000474      0x404 load address 0x00000a5c
                0x20000478                . = ALIGN (0x8)
 *fill*         0x20000474        0x4 
                0x20000478                _sstack = .
                0x20000878                . = (. + STACK_SIZE)
 *fill*         0x20000478      0x400 
                0x20000878                . = ALIGN (0x8)
                0x20000878                _estack = .
                0x20000878                . = ALIGN (0x4)
                0x20000878                _end = .
OUTPUT(arm_synth.elf elf32-littlearm)

.ARM.attributes
                0x00000000       0x28
 .ARM.attributes
                0x00000000       0x1e c:/program files (x86)/atmel/studio/7.0/toolchain/arm/arm-gnu-toolchain/bin/../lib/gcc/arm-none-eabi/6.3.1/thumb/v6-m/crti.o
 .ARM.attributes
                0x0000001e       0x2c c:/program files (x86)/atmel/studio/7.0/toolchain/arm/arm-gnu-toolchain/bin/../lib/gcc/arm-none-eabi/6.3.1/thumb/v6-m/crtbegin.o
 .ARM.attributes
                0x0000004a       0x32 dh_adc.o
 .ARM.attributes
                0x0000007c       0x32 Device_Startup/startup_samd11.o
 .ARM.attributes
                0x000000ae       0x32 Device_Startup/system_samd11.o
 .ARM.attributes
                0x000000e0       0x32 main.o
 .ARM.attributes
                0x00000112       0x2c c:/program files (x86)/atmel/studio/7.0/toolchain/arm/arm-gnu-toolchain/bin/../lib/gcc/arm-none-eabi/6.3.1/../../../../arm-none-eabi/lib/thumb/v6-m\libc.a(lib_a-impure.o)
 .ARM.attributes
                0x0000013e       0x2c c:/program files (x86)/atmel/studio/7.0/toolchain/arm/arm-gnu-toolchain/bin/../lib/gcc/arm-none-eabi/6.3.1/../../../../arm-none-eabi/lib/thumb/v6-m\libc.a(lib_a-init.o)
 .ARM.attributes
                0x0000016a       0x2c c:/program files (x86)/atmel/studio/7.0/toolchain/arm/arm-gnu-toolchain/bin/../lib/gcc/arm-none-eabi/6.3.1/../../../../arm-none-eabi/lib/thumb/v6-m\libc.a(lib_a-__call_atexit.o)
 .ARM.attributes
                0x00000196       0x2c c:/program files (x86)/atmel/studio/7.0/toolchain/arm/arm-gnu-toolchain/bin/../lib/gcc/arm-none-eabi/6.3.1/../../../../arm-none-eabi/lib/thumb/v6-m\libc.a(lib_a-atexit.o)
 .ARM.attributes
                0x000001c2       0x2c c:/program files (x86)/atmel/studio/7.0/toolchain/arm/arm-gnu-toolchain/bin/../lib/gcc/arm-none-eabi/6.3.1/../../../../arm-none-eabi/lib/thumb/v6-m\libc.a(lib_a-fini.o)
 .ARM.attributes
                0x000001ee       0x2c c:/program files (x86)/atmel/studio/7.0/toolchain/arm/arm-gnu-toolchain/bin/../lib/gcc/arm-none-eabi/6.3.1/../../../../arm-none-eabi/lib/thumb/v6-m\libc.a(lib_a-lock.o)
 .ARM.attributes
                0x0000021a       0x2c c:/program files (x86)/atmel/studio/7.0/toolchain/arm/arm-gnu-toolchain/bin/../lib/gcc/arm-none-eabi/6.3.1/../../../../arm-none-eabi/lib/thumb/v6-m\libc.a(lib_a-__atexit.o)
 .ARM.attributes
                0x00000246       0x1e c:/program files (x86)/atmel/studio/7.0/toolchain/arm/arm-gnu-toolchain/bin/../lib/gcc/arm-none-eabi/6.3.1/thumb/v6-m/crtn.o

.comment        0x00000000       0x59
 .comment       0x00000000       0x59 dh_adc.o
                                 0x5a (size before relaxing)
 .comment       0x00000059       0x5a Device_Startup/startup_samd11.o
 .comment       0x00000059       0x5a Device_Startup/system_samd11.o
 .comment       0x00000059       0x5a main.o

.debug_info     0x00000000     0x4a94
 .debug_info    0x00000000     0x1c88 dh_adc.o
 .debug_info    0x00001c88     0x2bd5 Device_Startup/startup_samd11.o
 .debug_info    0x0000485d       0xd5 Device_Startup/system_samd11.o
 .debug_info    0x00004932      0x162 main.o

.debug_abbrev   0x00000000      0x522
 .debug_abbrev  0x00000000      0x1b1 dh_adc.o
 .debug_abbrev  0x000001b1      0x234 Device_Startup/startup_samd11.o
 .debug_abbrev  0x000003e5       0x72 Device_Startup/system_samd11.o
 .debug_abbrev  0x00000457       0xcb main.o

.debug_loc      0x00000000      0x11f
 .debug_loc     0x00000000       0xa7 dh_adc.o
 .debug_loc     0x000000a7       0x40 Device_Startup/startup_samd11.o
 .debug_loc     0x000000e7       0x38 main.o

.debug_aranges  0x00000000       0xa0
 .debug_aranges
                0x00000000       0x30 dh_adc.o
 .debug_aranges
                0x00000030       0x28 Device_Startup/startup_samd11.o
 .debug_aranges
                0x00000058       0x28 Device_Startup/system_samd11.o
 .debug_aranges
                0x00000080       0x20 main.o

.debug_ranges   0x00000000       0x60
 .debug_ranges  0x00000000       0x20 dh_adc.o
 .debug_ranges  0x00000020       0x18 Device_Startup/startup_samd11.o
 .debug_ranges  0x00000038       0x18 Device_Startup/system_samd11.o
 .debug_ranges  0x00000050       0x10 main.o

.debug_macro    0x00000000     0xe7c8
 .debug_macro   0x00000000      0x2b5 dh_adc.o
 .debug_macro   0x000002b5      0x89e dh_adc.o
 .debug_macro   0x00000b53       0x22 dh_adc.o
 .debug_macro   0x00000b75       0x87 dh_adc.o
 .debug_macro   0x00000bfc       0x51 dh_adc.o
 .debug_macro   0x00000c4d       0xef dh_adc.o
 .debug_macro   0x00000d3c       0x6a dh_adc.o
 .debug_macro   0x00000da6      0x1df dh_adc.o
 .debug_macro   0x00000f85       0x39 dh_adc.o
 .debug_macro   0x00000fbe       0x1c dh_adc.o
 .debug_macro   0x00000fda       0x22 dh_adc.o
 .debug_macro   0x00000ffc       0xb5 dh_adc.o
 .debug_macro   0x000010b1      0x3ad dh_adc.o
 .debug_macro   0x0000145e      0x67e dh_adc.o
 .debug_macro   0x00001adc      0x8b1 dh_adc.o
 .debug_macro   0x0000238d      0x22e dh_adc.o
 .debug_macro   0x000025bb      0xc0c dh_adc.o
 .debug_macro   0x000031c7      0x5e7 dh_adc.o
 .debug_macro   0x000037ae      0x7c6 dh_adc.o
 .debug_macro   0x00003f74      0x4e3 dh_adc.o
 .debug_macro   0x00004457      0x37f dh_adc.o
 .debug_macro   0x000047d6      0x189 dh_adc.o
 .debug_macro   0x0000495f      0x21c dh_adc.o
 .debug_macro   0x00004b7b      0x735 dh_adc.o
 .debug_macro   0x000052b0       0x5e dh_adc.o
 .debug_macro   0x0000530e      0x624 dh_adc.o
 .debug_macro   0x00005932      0x3ac dh_adc.o
 .debug_macro   0x00005cde      0xc76 dh_adc.o
 .debug_macro   0x00006954     0x1092 dh_adc.o
 .debug_macro   0x000079e6      0xc19 dh_adc.o
 .debug_macro   0x000085ff      0x6ba dh_adc.o
 .debug_macro   0x00008cb9     0x1b83 dh_adc.o
 .debug_macro   0x0000a83c      0xb7c dh_adc.o
 .debug_macro   0x0000b3b8      0x340 dh_adc.o
 .debug_macro   0x0000b6f8       0x7c dh_adc.o
 .debug_macro   0x0000b774       0xa0 dh_adc.o
 .debug_macro   0x0000b814       0x4c dh_adc.o
 .debug_macro   0x0000b860       0xca dh_adc.o
 .debug_macro   0x0000b92a       0xb8 dh_adc.o
 .debug_macro   0x0000b9e2       0x58 dh_adc.o
 .debug_macro   0x0000ba3a      0x201 dh_adc.o
 .debug_macro   0x0000bc3b       0x82 dh_adc.o
 .debug_macro   0x0000bcbd      0x189 dh_adc.o
 .debug_macro   0x0000be46       0xa0 dh_adc.o
 .debug_macro   0x0000bee6       0xac dh_adc.o
 .debug_macro   0x0000bf92       0x1c dh_adc.o
 .debug_macro   0x0000bfae       0x1c dh_adc.o
 .debug_macro   0x0000bfca       0x1c dh_adc.o
 .debug_macro   0x0000bfe6       0x82 dh_adc.o
 .debug_macro   0x0000c068      0x112 dh_adc.o
 .debug_macro   0x0000c17a       0x10 dh_adc.o
 .debug_macro   0x0000c18a       0xdc dh_adc.o
 .debug_macro   0x0000c266      0x124 dh_adc.o
 .debug_macro   0x0000c38a      0x124 dh_adc.o
 .debug_macro   0x0000c4ae      0x124 dh_adc.o
 .debug_macro   0x0000c5d2      0x124 dh_adc.o
 .debug_macro   0x0000c6f6       0xe2 dh_adc.o
 .debug_macro   0x0000c7d8       0xe2 dh_adc.o
 .debug_macro   0x0000c8ba      0x12a dh_adc.o
 .debug_macro   0x0000c9e4      0x1fa dh_adc.o
 .debug_macro   0x0000cbde       0x40 dh_adc.o
 .debug_macro   0x0000cc1e      0x306 dh_adc.o
 .debug_macro   0x0000cf24      0xff9 dh_adc.o
 .debug_macro   0x0000df1d       0x5f dh_adc.o
 .debug_macro   0x0000df7c       0x1c dh_adc.o
 .debug_macro   0x0000df98      0x2ac Device_Startup/startup_samd11.o
 .debug_macro   0x0000e244      0x2b2 Device_Startup/system_samd11.o
 .debug_macro   0x0000e4f6      0x2c2 main.o
 .debug_macro   0x0000e7b8       0x10 main.o

.debug_line     0x00000000     0x1a4c
 .debug_line    0x00000000      0x6f1 dh_adc.o
 .debug_line    0x000006f1      0x67f Device_Startup/startup_samd11.o
 .debug_line    0x00000d70      0x66a Device_Startup/system_samd11.o
 .debug_line    0x000013da      0x672 main.o

.debug_str      0x00000000    0x5cf37
 .debug_str     0x00000000    0x5c126 dh_adc.o
                              0x5c49c (size before relaxing)
 .debug_str     0x0005c126      0xd82 Device_Startup/startup_samd11.o
                              0x5ca74 (size before relaxing)
 .debug_str     0x0005cea8       0x5c Device_Startup/system_samd11.o
                              0x5bc7c (size before relaxing)
 .debug_str     0x0005cf04       0x33 main.o
                              0x5bd27 (size before relaxing)

.debug_frame    0x00000000      0x2b0
 .debug_frame   0x00000000       0x54 dh_adc.o
 .debug_frame   0x00000054       0x40 Device_Startup/startup_samd11.o
 .debug_frame   0x00000094       0x30 Device_Startup/system_samd11.o
 .debug_frame   0x000000c4       0x2c main.o
 .debug_frame   0x000000f0       0x2c c:/program files (x86)/atmel/studio/7.0/toolchain/arm/arm-gnu-toolchain/bin/../lib/gcc/arm-none-eabi/6.3.1/../../../../arm-none-eabi/lib/thumb/v6-m\libc.a(lib_a-init.o)
 .debug_frame   0x0000011c       0x54 c:/program files (x86)/atmel/studio/7.0/toolchain/arm/arm-gnu-toolchain/bin/../lib/gcc/arm-none-eabi/6.3.1/../../../../arm-none-eabi/lib/thumb/v6-m\libc.a(lib_a-__call_atexit.o)
 .debug_frame   0x00000170       0x28 c:/program files (x86)/atmel/studio/7.0/toolchain/arm/arm-gnu-toolchain/bin/../lib/gcc/arm-none-eabi/6.3.1/../../../../arm-none-eabi/lib/thumb/v6-m\libc.a(lib_a-atexit.o)
 .debug_frame   0x00000198       0x2c c:/program files (x86)/atmel/studio/7.0/toolchain/arm/arm-gnu-toolchain/bin/../lib/gcc/arm-none-eabi/6.3.1/../../../../arm-none-eabi/lib/thumb/v6-m\libc.a(lib_a-fini.o)
 .debug_frame   0x000001c4       0xb0 c:/program files (x86)/atmel/studio/7.0/toolchain/arm/arm-gnu-toolchain/bin/../lib/gcc/arm-none-eabi/6.3.1/../../../../arm-none-eabi/lib/thumb/v6-m\libc.a(lib_a-lock.o)
 .debug_frame   0x00000274       0x3c c:/program files (x86)/atmel/studio/7.0/toolchain/arm/arm-gnu-toolchain/bin/../lib/gcc/arm-none-eabi/6.3.1/../../../../arm-none-eabi/lib/thumb/v6-m\libc.a(lib_a-__atexit.o)
